2026-08-16 01:07:02.947 [main] INFO  c.t.t.TelemetryServerApplication - Starting TelemetryServerApplication using Java 21.0.11 with PID 40131 (/home/Rastogi/Desktop/projects/TelemetryDaemon/TelemetryServer/target/classes started by Rastogi in /home/Rastogi/Desktop/projects/TelemetryDaemon)
2026-08-16 01:07:02.951 [main] INFO  c.t.t.TelemetryServerApplication - No active profile set, falling back to 1 default profile: "default"
2026-08-16 01:07:04.468 [main] INFO  o.s.d.r.c.RepositoryConfigurationDelegate - Bootstrapping Spring Data JPA repositories in DEFAULT mode.
2026-08-16 01:07:04.567 [main] INFO  o.s.d.r.c.RepositoryConfigurationDelegate - Finished Spring Data repository scanning in 87 ms. Found 5 JPA repository interfaces.
2026-08-16 01:07:05.338 [main] INFO  o.s.b.w.embedded.tomcat.TomcatWebServer - Tomcat initialized with port 8080 (http)
2026-08-16 01:07:05.390 [main] INFO  o.apache.catalina.core.StandardService - Starting service [Tomcat]
2026-08-16 01:07:05.391 [main] INFO  org.apache.catalina.core.StandardEngine - Starting Servlet engine: [Apache Tomcat/10.1.42]
2026-08-16 01:07:05.466 [main] INFO  o.a.c.c.C.[Tomcat].[localhost].[/] - Initializing Spring embedded WebApplicationContext
2026-08-16 01:07:05.466 [main] INFO  o.s.b.w.s.c.ServletWebServerApplicationContext - Root WebApplicationContext: initialization completed in 2465 ms
2026-08-16 01:07:05.785 [main] INFO  o.hibernate.jpa.internal.util.LogHelper - HHH000204: Processing PersistenceUnitInfo [name: default]
2026-08-16 01:07:05.851 [main] INFO  org.hibernate.Version - HHH000412: Hibernate ORM core version 6.6.18.Final
2026-08-16 01:07:05.893 [main] INFO  o.h.c.internal.RegionFactoryInitiator - HHH000026: Second-level cache disabled
2026-08-16 01:07:06.247 [main] INFO  o.s.o.j.p.SpringPersistenceUnitInfo - No LoadTimeWeaver setup: ignoring JPA class transformer
2026-08-16 01:07:06.285 [main] INFO  com.zaxxer.hikari.HikariDataSource - HikariPool-1 - Starting...
2026-08-16 01:07:06.380 [main] INFO  com.zaxxer.hikari.pool.HikariPool - HikariPool-1 - Added connection org.mariadb.jdbc.Connection@3c46e6f6
2026-08-16 01:07:06.383 [main] INFO  com.zaxxer.hikari.HikariDataSource - HikariPool-1 - Start completed.
2026-08-16 01:07:06.460 [main] INFO  org.hibernate.orm.connections.pooling - HHH10001005: Database info:
	Database JDBC URL [Connecting through datasource 'HikariDataSource (HikariPool-1)']
	Database driver: undefined/unknown
	Database version: 12.2.2
	Autocommit mode: undefined/unknown
	Isolation level: undefined/unknown
	Minimum pool size: undefined/unknown
	Maximum pool size: undefined/unknown
2026-08-16 01:07:07.912 [main] INFO  o.h.e.t.j.p.i.JtaPlatformInitiator - HHH000489: No JTA platform available (set 'hibernate.transaction.jta.platform' to enable JTA platform integration)
2026-08-16 01:07:07.996 [main] INFO  o.s.o.j.LocalContainerEntityManagerFactoryBean - Initialized JPA EntityManagerFactory for persistence unit 'default'
2026-08-16 01:07:08.419 [main] INFO  o.s.d.j.r.query.QueryEnhancerFactory - Hibernate is in classpath; If applicable, HQL parser will be used.
2026-08-16 01:07:09.176 [main] WARN  o.s.b.a.o.j.JpaBaseConfiguration$JpaWebConfiguration - spring.jpa.open-in-view is enabled by default. Therefore, database queries may be performed during view rendering. Explicitly configure spring.jpa.open-in-view to disable this warning
2026-08-16 01:07:09.630 [main] INFO  o.s.b.a.e.web.EndpointLinksResolver - Exposing 1 endpoint beneath base path '/actuator'
2026-08-16 01:07:10.283 [main] INFO  o.s.b.w.embedded.tomcat.TomcatWebServer - Tomcat started on port 8080 (http) with context path '/'
2026-08-16 01:07:10.299 [main] INFO  o.s.s.config.TaskSchedulerRouter - No TaskScheduler/ScheduledExecutorService bean found for scheduled processing
2026-08-16 01:07:10.304 [main] INFO  c.t.t.TelemetryServerApplication - Started TelemetryServerApplication in 7.875 seconds (process running for 8.676)
2026-08-16 01:07:10.740 [RMI TCP Connection(2)-10.12.55.34] INFO  o.a.c.c.C.[Tomcat].[localhost].[/] - Initializing Spring DispatcherServlet 'dispatcherServlet'
2026-08-16 01:07:10.741 [RMI TCP Connection(2)-10.12.55.34] INFO  o.s.web.servlet.DispatcherServlet - Initializing Servlet 'dispatcherServlet'
2026-08-16 01:07:10.744 [RMI TCP Connection(2)-10.12.55.34] INFO  o.s.web.servlet.DispatcherServlet - Completed initialization in 3 ms
2026-08-16 01:27:33.058 [SpringApplicationShutdownHook] INFO  o.s.b.w.embedded.tomcat.GracefulShutdown - Commencing graceful shutdown. Waiting for active requests to complete
2026-08-16 01:27:33.064 [tomcat-shutdown] INFO  o.s.b.w.embedded.tomcat.GracefulShutdown - Graceful shutdown complete
2026-08-16 01:27:33.165 [SpringApplicationShutdownHook] INFO  o.s.m.e.c.DefaultEventPublicationRegistry - No publications outstanding!
2026-08-16 01:27:33.171 [SpringApplicationShutdownHook] INFO  o.s.o.j.LocalContainerEntityManagerFactoryBean - Closing JPA EntityManagerFactory for persistence unit 'default'
2026-08-16 01:27:33.173 [SpringApplicationShutdownHook] INFO  com.zaxxer.hikari.HikariDataSource - HikariPool-1 - Shutdown initiated...
2026-08-16 01:27:33.177 [SpringApplicationShutdownHook] INFO  com.zaxxer.hikari.HikariDataSource - HikariPool-1 - Shutdown completed.
2026-08-16 01:27:38.216 [main] INFO  c.t.t.TelemetryServerApplication - Starting TelemetryServerApplication using Java 21.0.11 with PID 40972 (/home/Rastogi/Desktop/projects/TelemetryDaemon/TelemetryServer/target/classes started by Rastogi in /home/Rastogi/Desktop/projects/TelemetryDaemon)
2026-08-16 01:27:38.218 [main] INFO  c.t.t.TelemetryServerApplication - No active profile set, falling back to 1 default profile: "default"
2026-08-16 01:27:39.563 [main] INFO  o.s.d.r.c.RepositoryConfigurationDelegate - Bootstrapping Spring Data JPA repositories in DEFAULT mode.
2026-08-16 01:27:39.649 [main] INFO  o.s.d.r.c.RepositoryConfigurationDelegate - Finished Spring Data repository scanning in 75 ms. Found 5 JPA repository interfaces.
2026-08-16 01:27:40.374 [main] INFO  o.s.b.w.embedded.tomcat.TomcatWebServer - Tomcat initialized with port 8080 (http)
2026-08-16 01:27:40.391 [main] INFO  o.apache.catalina.core.StandardService - Starting service [Tomcat]
2026-08-16 01:27:40.391 [main] INFO  org.apache.catalina.core.StandardEngine - Starting Servlet engine: [Apache Tomcat/10.1.42]
2026-08-16 01:27:40.477 [main] INFO  o.a.c.c.C.[Tomcat].[localhost].[/] - Initializing Spring embedded WebApplicationContext
2026-08-16 01:27:40.478 [main] INFO  o.s.b.w.s.c.ServletWebServerApplicationContext - Root WebApplicationContext: initialization completed in 2217 ms
2026-08-16 01:27:40.762 [main] INFO  o.hibernate.jpa.internal.util.LogHelper - HHH000204: Processing PersistenceUnitInfo [name: default]
2026-08-16 01:27:40.817 [main] INFO  org.hibernate.Version - HHH000412: Hibernate ORM core version 6.6.18.Final
2026-08-16 01:27:40.854 [main] INFO  o.h.c.internal.RegionFactoryInitiator - HHH000026: Second-level cache disabled
2026-08-16 01:27:41.090 [main] INFO  o.s.o.j.p.SpringPersistenceUnitInfo - No LoadTimeWeaver setup: ignoring JPA class transformer
2026-08-16 01:27:41.117 [main] INFO  com.zaxxer.hikari.HikariDataSource - HikariPool-1 - Starting...
2026-08-16 01:27:41.221 [main] INFO  com.zaxxer.hikari.pool.HikariPool - HikariPool-1 - Added connection org.mariadb.jdbc.Connection@2358443e
2026-08-16 01:27:41.226 [main] INFO  com.zaxxer.hikari.HikariDataSource - HikariPool-1 - Start completed.
2026-08-16 01:27:41.289 [main] INFO  org.hibernate.orm.connections.pooling - HHH10001005: Database info:
	Database JDBC URL [Connecting through datasource 'HikariDataSource (HikariPool-1)']
	Database driver: undefined/unknown
	Database version: 12.2.2
	Autocommit mode: undefined/unknown
	Isolation level: undefined/unknown
	Minimum pool size: undefined/unknown
	Maximum pool size: undefined/unknown
2026-08-16 01:27:42.294 [main] INFO  o.h.e.t.j.p.i.JtaPlatformInitiator - HHH000489: No JTA platform available (set 'hibernate.transaction.jta.platform' to enable JTA platform integration)
2026-08-16 01:27:42.348 [main] INFO  o.s.o.j.LocalContainerEntityManagerFactoryBean - Initialized JPA EntityManagerFactory for persistence unit 'default'
2026-08-16 01:27:42.756 [main] INFO  o.s.d.j.r.query.QueryEnhancerFactory - Hibernate is in classpath; If applicable, HQL parser will be used.
2026-08-16 01:27:43.585 [main] WARN  o.s.b.a.o.j.JpaBaseConfiguration$JpaWebConfiguration - spring.jpa.open-in-view is enabled by default. Therefore, database queries may be performed during view rendering. Explicitly configure spring.jpa.open-in-view to disable this warning
2026-08-16 01:27:44.069 [main] INFO  o.s.b.a.e.web.EndpointLinksResolver - Exposing 1 endpoint beneath base path '/actuator'
2026-08-16 01:27:44.823 [main] INFO  o.s.b.w.embedded.tomcat.TomcatWebServer - Tomcat started on port 8080 (http) with context path '/'
2026-08-16 01:27:44.849 [main] INFO  o.s.s.config.TaskSchedulerRouter - No TaskScheduler/ScheduledExecutorService bean found for scheduled processing
2026-08-16 01:27:44.857 [main] INFO  c.t.t.TelemetryServerApplication - Started TelemetryServerApplication in 7.058 seconds (process running for 7.557)
2026-08-16 01:27:45.238 [RMI TCP Connection(1)-10.12.55.34] INFO  o.a.c.c.C.[Tomcat].[localhost].[/] - Initializing Spring DispatcherServlet 'dispatcherServlet'
2026-08-16 01:27:45.238 [RMI TCP Connection(1)-10.12.55.34] INFO  o.s.web.servlet.DispatcherServlet - Initializing Servlet 'dispatcherServlet'
2026-08-16 01:27:45.241 [RMI TCP Connection(1)-10.12.55.34] INFO  o.s.web.servlet.DispatcherServlet - Completed initialization in 3 ms
2026-08-16 01:28:13.920 [http-nio-8080-exec-1] INFO  c.t.t.a.i.s.AgentAuthenticationService - Agent authenticated successfully. AgentId=ag_8b5b14f6dd1a40358926
2026-08-16 01:28:13.921 [http-nio-8080-exec-1] INFO  c.t.t.s.i.filter.AgentFilter - Agent authenticated successfully. AgentId=ag_8b5b14f6dd1a40358926
2026-08-16 01:28:23.596 [http-nio-8080-exec-2] INFO  c.t.t.a.i.s.AgentAuthenticationService - Agent authenticated successfully. AgentId=ag_8b5b14f6dd1a40358926
2026-08-16 01:28:23.596 [http-nio-8080-exec-2] INFO  c.t.t.s.i.filter.AgentFilter - Agent authenticated successfully. AgentId=ag_8b5b14f6dd1a40358926
2026-08-16 01:28:28.719 [http-nio-8080-exec-3] INFO  c.t.t.a.i.s.AgentAuthenticationService - Agent authenticated successfully. AgentId=ag_8b5b14f6dd1a40358926
2026-08-16 01:28:28.720 [http-nio-8080-exec-3] INFO  c.t.t.s.i.filter.AgentFilter - Agent authenticated successfully. AgentId=ag_8b5b14f6dd1a40358926
2026-08-16 01:28:28.914 [http-nio-8080-exec-4] INFO  c.t.t.a.i.s.AgentAuthenticationService - Agent authenticated successfully. AgentId=ag_8b5b14f6dd1a40358926
2026-08-16 01:28:28.915 [http-nio-8080-exec-4] INFO  c.t.t.s.i.filter.AgentFilter - Agent authenticated successfully. AgentId=ag_8b5b14f6dd1a40358926
2026-08-16 01:28:28.949 [http-nio-8080-exec-5] INFO  c.t.t.a.i.s.AgentAuthenticationService - Agent authenticated successfully. AgentId=ag_8b5b14f6dd1a40358926
2026-08-16 01:28:28.950 [http-nio-8080-exec-5] INFO  c.t.t.s.i.filter.AgentFilter - Agent authenticated successfully. AgentId=ag_8b5b14f6dd1a40358926
2026-08-16 01:28:33.594 [http-nio-8080-exec-6] INFO  c.t.t.a.i.s.AgentAuthenticationService - Agent authenticated successfully. AgentId=ag_8b5b14f6dd1a40358926
2026-08-16 01:28:33.594 [http-nio-8080-exec-6] INFO  c.t.t.s.i.filter.AgentFilter - Agent authenticated successfully. AgentId=ag_8b5b14f6dd1a40358926
2026-08-16 01:28:46.806 [SpringApplicationShutdownHook] INFO  o.s.b.w.embedded.tomcat.GracefulShutdown - Commencing graceful shutdown. Waiting for active requests to complete
2026-08-16 01:28:46.810 [tomcat-shutdown] INFO  o.s.b.w.embedded.tomcat.GracefulShutdown - Graceful shutdown complete
2026-08-16 01:28:46.851 [SpringApplicationShutdownHook] INFO  o.s.m.e.c.DefaultEventPublicationRegistry - No publications outstanding!
2026-08-16 01:28:46.864 [SpringApplicationShutdownHook] INFO  o.s.o.j.LocalContainerEntityManagerFactoryBean - Closing JPA EntityManagerFactory for persistence unit 'default'
2026-08-16 01:28:46.869 [SpringApplicationShutdownHook] INFO  com.zaxxer.hikari.HikariDataSource - HikariPool-1 - Shutdown initiated...
2026-08-16 01:28:46.874 [SpringApplicationShutdownHook] INFO  com.zaxxer.hikari.HikariDataSource - HikariPool-1 - Shutdown completed.
